// Jest Snapshot v1, https://jestjs.io/docs/snapshot-testing

exports[`renderUserStroke fills an outline around the points if the stroke has a variable width 1`] = `
[
  {
    "props": {},
    "transform": [
      1,
      0,
      0,
      1,
      0,
      0,
    ],
    "type": "save",
  },
  {
    "props": {
      "value": 0.7,
    },
    "transform": [
      1,
      0,
      0,
      1,
      0,
      0,
    ],
    "type": "globalAlpha",
  },
  {
    "props": {
      "value": "rgba(12, 101, 20, 0.3)",
    },
    "transform": [
      1,
      0,
      0,
      1,
      0,
      0,
    ],
    "type": "fillStyle",
  },
  {
    "props": {},
    "transform": [
      1,
      0,
      0,
      1,
      0,
      0,
    ],
    "type": "beginPath",
  },
  {
    "props": {
      "x": -0.08689266695452384,
      "y": 0.49239177940896844,
    },
    "transform": [
      1,
      0,
      0,
      1,
      0,
      0,
    ],
    "type": "moveTo",
  },
  {
    "props": {
      "x": 15.469170566261447,
      "y": 3.7453051882597883,
    },
    "transform": [
      1,
      0,
      0,
      1,
      0,
      0,
    ],
    "type": "lineTo",
  },
  {
    "props": {
      "x": 7.676470588235294,
      "y": 17.294117647058822,
    },
    "transform": [
      1,
      0,
      0,
      1,
      0,
      0,
    ],
    "type": "lineTo",
  },
  {
    "props": {
      "x": 7.50708878412441,
      "y": 17.854342519887005,
    },
    "transform": [
      1,
      0,
      0,
      1,
      0,
      0,
    ],
    "type": "lineTo",
  },
  {
    "props": {
      "x": 7.564989179356712,
      "y": 18.436742423674044,
    },
    "transform": [
      1,
      0,
      0,
      1,
      0,
      0,
    ],
    "type": "lineTo",
  },
  {
    "props": {
      "x": 7.841356963626473,
      "y": 18.95265225253664,
    },
    "transform": [
      1,
      0,
      0,
      1,
      0,
      0,
    ],
    "type": "lineTo",
  },
  {
    "props": {
      "x": 8.294117647058824,
      "y": 19.323529411764707,
    },
    "transform": [
      1,
      0,
      0,
      1,
      0,
      0,
    ],
    "type": "lineTo",
  },
  {
    "props": {
      "x": 8.854342519887005,
      "y": 19.49291121587559,
    },
    "transform": [
      1,
      0,
      0,
      1,
      0,
      0,
    ],
    "type": "lineTo",
  },
  {
    "props": {
      "x": 9.436742423674044,
      "y": 19.43501082064329,
    },
    "transform": [
      1,
      0,
      0,
      1,
      0,
      0,
    ],
    "type": "lineTo",
  },
  {
    "props": {
      "x": 9.95265225253664,
      "y": 19.158643036373526,
    },
    "transform": [
      1,
      0,
      0,
      1,
      0,
      0,
    ],
    "type": "lineTo",
  },
  {
    "props": {
      "x": 10.323529411764707,
      "y": 18.705882352941178,
    },
    "transform": [
      1,
      0,
      0,
      1,
      0,
      0,
    ],
    "type": "lineTo",
  },
  {
    "props": {
      "x": 18.530829433738553,
      "y": 2.2546948117402117,
    },
    "transform": [
      1,
      0,
      0,
      1,
      0,
      0,
    ],
    "type": "lineTo",
  },
  {
    "props": {
      "x": 0.08689266695452384,
      "y": -0.49239177940896844,
    },
    "transform": [
      1,
      0,
      0,
      1,
      0,
      0,
    ],
    "type": "lineTo",
  },
  {
    "props": {
      "x": -0.10815181968797376,
      "y": -0.4881630710102722,
    },
    "transform": [
      1,
      0,
      0,
      1,
      0,
      0,
    ],
    "type": "lineTo",
  },
  {
    "props": {
      "x": -0.28673117218166416,
      "y": -0.4096159602595203,
    },
    "transform": [
      1,
      0,
      0,
      1,
      0,
      0,
    ],
    "type": "lineTo",
  },
  {
    "props": {
      "x": -0.4216583029352446,
      "y": -0.26870853273718265,
    },
    "transform": [
      1,
      0,
      0,
      1,
      0,
      0,
    ],
    "type": "lineTo",
  },
  {
    "props": {
      "x": -0.49239177940896844,
      "y": -0.08689266695452387,
    },
    "transform": [
      1,
      0,
      0,
      1,
      0,
      0,
    ],
    "type": "lineTo",
  },
  {
    "props": {
      "x": -0.4881630710102722,
      "y": 0.10815181968797373,
    },
    "transform": [
      1,
      0,
      0,
      1,
      0,
      0,
    ],
    "type": "lineTo",
  },
  {
    "props": {
      "x": -0.4096159602595203,
      "y": 0.28673117218166416,
    },
    "transform": [
      1,
      0,
      0,
      1,
      0,
      0,
    ],
    "type": "lineTo",
  },
  {
    "props": {
      "x": -0.26870853273718265,
      "y": 0.4216583029352446,
    },
    "transform": [
      1,
      0,
      0,
      1,
      0,
      0,
    ],
    "type": "lineTo",
  },
  {
    "props": {},
    "transform": [
      1,
      0,
      0,
      1,
      0,
      0,
    ],
    "type": "closePath",
  },
  {
    "props": {
      "fillRule": "nonzero",
      "path": [
        {
          "props": {},
          "transform": [
            1,
            0,
            0,
            1,
            0,
            0,
          ],
          "type": "beginPath",
        },
        {
          "props": {
            "x": -0.08689266695452384,
            "y": 0.49239177940896844,
          },
          "transform": [
            1,
            0,
            0,
            1,
            0,
            0,
          ],
          "type": "moveTo",
        },
        {
          "props": {
            "x": 15.469170566261447,
            "y": 3.7453051882597883,
          },
          "transform": [
            1,
            0,
            0,
            1,
            0,
            0,
          ],
          "type": "lineTo",
        },
        {
          "props": {
            "x": 7.676470588235294,
            "y": 17.294117647058822,
          },
          "transform": [
            1,
            0,
            0,
            1,
            0,
            0,
          ],
          "type": "lineTo",
        },
        {
          "props": {
            "x": 7.50708878412441,
            "y": 17.854342519887005,
          },
          "transform": [
            1,
            0,
            0,
            1,
            0,
            0,
          ],
          "type": "lineTo",
        },
        {
          "props": {
            "x": 7.564989179356712,
            "y": 18.436742423674044,
          },
          "transform": [
            1,
            0,
            0,
            1,
            0,
            0,
          ],
          "type": "lineTo",
        },
        {
          "props": {
            "x": 7.841356963626473,
            "y": 18.95265225253664,
          },
          "transform": [
            1,
            0,
            0,
            1,
            0,
            0,
          ],
          "type": "lineTo",
        },
        {
          "props": {
            "x": 8.294117647058824,
            "y": 19.323529411764707,
          },
          "transform": [
            1,
            0,
            0,
            1,
            0,
            0,
          ],
          "type": "lineTo",
        },
        {
          "props": {
            "x": 8.854342519887005,
            "y": 19.49291121587559,
          },
          "transform": [
            1,
            0,
            0,
            1,
            0,
            0,
          ],
          "type": "lineTo",
        },
        {
          "props": {
            "x": 9.436742423674044,
            "y": 19.43501082064329,
          },
          "transform": [
            1,
            0,
            0,
            1,
            0,
            0,
          ],
          "type": "lineTo",
        },
        {
          "props": {
            "x": 9.95265225253664,
            "y": 19.158643036373526,
          },
          "transform": [
            1,
            0,
            0,
            1,
            0,
            0,
          ],
          "type": "lineTo",
        },
        {
          "props": {
            "x": 10.323529411764707,
            "y": 18.705882352941178,
          },
          "transform": [
            1,
            0,
            0,
            1,
            0,
            0,
          ],
          "type": "lineTo",
        },
        {
          "props": {
            "x": 18.530829433738553,
            "y": 2.2546948117402117,
          },
          "transform": [
            1,
            0,
            0,
            1,
            0,
            0,
          ],
          "type": "lineTo",
        },
        {
          "props": {
            "x": 0.08689266695452384,
            "y": -0.49239177940896844,
          },
          "transform": [
            1,
            0,
            0,
            1,
            0,
            0,
          ],
          "type": "lineTo",
        },
        {
          "props": {
            "x": -0.10815181968797376,
            "y": -0.4881630710102722,
          },
          "transform": [
            1,
            0,
            0,
            1,
            0,
            0,
          ],
          "type": "lineTo",
        },
        {
          "props": {
            "x": -0.28673117218166416,
            "y": -0.4096159602595203,
          },
          "transform": [
            1,
            0,
            0,
            1,
            0,
            0,
          ],
          "type": "lineTo",
        },
        {
          "props": {
            "x": -0.4216583029352446,
            "y": -0.26870853273718265,
          },
          "transform": [
            1,
            0,
            0,
            1,
            0,
            0,
          ],
          "type": "lineTo",
        },
        {
          "props": {
            "x": -0.49239177940896844,
            "y": -0.08689266695452387,
          },
          "transform": [
            1,
            0,
            0,
            1,
            0,
            0,
          ],
          "type": "lineTo",
        },
        {
          "props": {
            "x": -0.4881630710102722,
            "y": 0.10815181968797373,
          },
          "transform": [
            1,
            0,
            0,
            1,
            0,
            0,
          ],
          "type": "lineTo",
        },
        {
          "props": {
            "x": -0.4096159602595203,
            "y": 0.28673117218166416,
          },
          "transform": [
            1,
            0,
            0,
            1,
            0,
            0,
          ],
          "type": "lineTo",
        },
        {
          "props": {
            "x": -0.26870853273718265,
            "y": 0.4216583029352446,
          },
          "transform": [
            1,
            0,
            0,
            1,
            0,
            0,
          ],
          "type": "lineTo",
        },
        {
          "props": {},
          "transform": [
            1,
            0,
            0,
            1,
            0,
            0,
          ],
          "type": "closePath",
        },
      ],
    },
    "transform": [
      1,
      0,
      0,
      1,
      0,
      0,
    ],
    "type": "fill",
  },
  {
    "props": {},
    "transform": [
      1,
      0,
      0,
      1,
      0,
      0,
    ],
    "type": "restore",
  },
]
`;

exports[`renderUserStroke renders a user stroke path 1`] = `
[
  {
    "props": {},
    "transform": [
      1,
      0,
      0,
      1,
      0,
      0,
    ],
    "type": "save",
  },
  {
    "props": {
      "value": 0.7,
    },
    "transform": [
      1,
      0,
      0,
      1,
      0,
      0,
    ],
    "type": "globalAlpha",
  },
  {
    "props": {
      "value": 2,
    },
    "transform": [
      1,
      0,
      0,
      1,
      0,
      0,
    ],
    "type": "lineWidth",
  },
  {
    "props": {
      "value": "rgba(12, 101, 20, 0.3)",
    },
    "transform": [
      1,
      0,
      0,
      1,
      0,
      0,
    ],
    "type": "strokeStyle",
  },
  {
    "props": {
      "value": "round",
    },
    "transform": [
      1,
      0,
      0,
      1,
      0,
      0,
    ],
    "type": "lineCap",
  },
  {
    "props": {
      "value": "round",
    },
    "transform": [
      1,
      0,
      0,
      1,
      0,
      0,
    ],
    "type": "lineJoin",
  },
  {
    "props": {},
    "transform": [
      1,
      0,
      0,
      1,
      0,
      0,
    ],
    "type": "beginPath",
  },
  {
    "props": {
      "x": 0,
      "y": 0,
    },
    "transform": [
      1,
      0,
      0,
      1,
      0,
      0,
    ],
    "type": "moveTo",
  },
  {
    "props": {
      "x": 17,
      "y": 3,
    },
    "transform": [
      1,
      0,
      0,
      1,
      0,
      0,
    ],
    "type": "lineTo",
  },
  {
    "props": {
      "x": 9,
      "y": 18,
    },
    "transform": [
      1,
      0,
      0,
      1,
      0,
      0,
    ],
    "type": "lineTo",
  },
  {
    "props": {
      "path": [
        {
          "props": {},
          "transform": [
            1,
            0,
            0,
            1,
            0,
            0,
          ],
          "type": "beginPath",
        },
        {
          "props": {
            "x": 0,
            "y": 0,
          },
          "transform": [
            1,
            0,
            0,
            1,
            0,
            0,
          ],
          "type": "moveTo",
        },
        {
          "props": {
            "x": 17,
            "y": 3,
          },
          "transform": [
            1,
            0,
            0,
            1,
            0,
            0,
          ],
          "type": "lineTo",
        },
        {
          "props": {
            "x": 9,
            "y": 18,
          },
          "transform": [
            1,
            0,
            0,
            1,
            0,
            0,
          ],
          "type": "lineTo",
        },
      ],
    },
    "transform": [
      1,
      0,
      0,
      1,
      0,
      0,
    ],
    "type": "stroke",
  },
  {
    "props": {},
    "transform": [
      1,
      0,
      0,
      1,
      0,
      0,
    ],
    "type": "restore",
  },
]
`;
